um00581	http://identifiers.org/ncbigene/3628597
um02075	http://identifiers.org/ensembl.fungi/UM02075
um04392	http://identifiers.org/ensembl.fungi/um04392
um00581	http://identifiers.org/ensembl.fungi/um00581
um02075	http://identifiers.org/ensembl.fungi/UM02075
um04392	http://identifiers.org/ensembl.fungi/um04392
AAF01762	http://identifiers.org/ncbiprotein/AAF01762
CAI48090	http://identifiers.org/ncbiprotein/CAI48090
AAD53945	http://identifiers.org/ncbiprotein/AAD53945
AAD53946	http://identifiers.org/ncbiprotein/AAD53946
FGSG_07226	http://identifiers.org/uniprot/I1RSU2
CAC50073	http://identifiers.org/ncbiprotein/CAC50073
EDJ99418	http://identifiers.org/ncbiprotein/EDJ99418
EDK03989	http://identifiers.org/ncbiprotein/EDK03989
EDJ98944	http://identifiers.org/ncbiprotein/EDJ98944
EDJ94108	http://identifiers.org/ncbiprotein/EDJ94108
EDK05635	http://identifiers.org/ncbiprotein/EDK05635
um10672	http://identifiers.org/ncbiprotein/XP_760856
EDK00201	http://identifiers.org/ncbiprotein/EDK00201
EDJ98595	http://identifiers.org/ncbiprotein/EDJ98595
AAL84247	http://identifiers.org/ncbiprotein/AAL84247
AAL71883	http://identifiers.org/ncbiprotein/AAL71883
ABI51982	http://identifiers.org/ncbiprotein/ABI51982
ABI51983	http://identifiers.org/ncbiprotein/ABI51983
ACS91346	http://identifiers.org/ncbiprotein/ACS91346
ACS34772	http://identifiers.org/ncbiprotein/ACS34772
ACS29558	http://identifiers.org/ncbiprotein/ACS29558
ACS91347	http://identifiers.org/ncbiprotein/ACS91347
FJ196457	http://identifiers.org/ncbiprotein/FJ196457
FGSG_05484	http://identifiers.org/uniprot/V6RAJ2
FGSG_06959	http://identifiers.org/uniprot/V6RFV4
FGSG_07458	http://identifiers.org/uniprot/I1RTF5
FGSG_06777	http://identifiers.org/uniprot/V6RLW4
FGSG_08761	http://identifiers.org/uniprot/V6RRH2
FGSG_05520	http://identifiers.org/uniprot/V6RAN7
FGSG_08626	http://identifiers.org/uniprot/V6RJG0
FGSG_10627	http://identifiers.org/uniprot/I1S1M0
FGSG_01562	http://identifiers.org/uniprot/V6QY41
ACH58563	http://identifiers.org/ncbiprotein/ACH58563
ACJ06588	http://identifiers.org/ncbiprotein/ACJ06588
EHA57107.1	http://identifiers.org/ncbiprotein/ACS91346
EHA49812	http://identifiers.org/ncbiprotein/EHA49812
A6RNZ1	http://identifiers.org/uniprot/A6RNZ1
ABW87261.1	http://identifiers.org/ncbiprotein/ABW87261.1
A6S644	http://identifiers.org/uniprot/A6S644
A6S414	http://identifiers.org/uniprot/A6S414
A6RUJ6	http://identifiers.org/uniprot/A6RUJ6
A6SEF3	http://identifiers.org/uniprot/A6SEF3
A6RT73	http://identifiers.org/uniprot/A6RT73
A6S3X7	http://identifiers.org/uniprot/A6S3X7 
G3F820	http://identifiers.org/uniprot/G3F820
MG09880.4	http://identifiers.org/ncbiprotein/38099300
MGG_03046	http://identifiers.org/ncbigene/2682599
MGG_01193	http://identifiers.org/ncbigene/2679539
MGG_00925	http://identifiers.org/ncbigene/2674152
MGG_02681	http://identifiers.org/ncbiprotein/XM_366605
MGG_06593	http://identifiers.org/ncbiprotein/XM_370078
FVEG_01508	http://identifiers.org/ncbiprotein/EWG38245.1
FVEG_04543	http://identifiers.org/ncbiprotein/584133451
FG05109.1	http://identifiers.org/ncbigene/2787604
BC1G_02386.1	http://identifiers.org/ncbigene/5439847
BC1G_02027.1	http://identifiers.org/ncbigene/5439939
BC1G_08318.1	http://identifiers.org/ncbigene/5434128
BC1G_02028.1	http://identifiers.org/ncbigene/5439938
BofuT4_P160540.1	http://identifiers.org/ncbiprotein/CCD54765
BofuT4_P003410.1	http://identifiers.org/ncbiprotein/CCD47182.1
BofuT4_P109250.1	http://identifiers.org/ncbiprotein/CCD48541