MONOCOT_DICOT	Monocot_Dicot_plant
PENETRATION_DEFECT	Penetration_defect
PATHWAY	Pathway
NT_SEQ	NT_sequence
AA_SEQ	AA_sequence
DISEASE_NAME	Disease_name
EXPERIMENTAL_EVIDENCE	Experimental_evidence
FULL_CITATION	Full_citation
DATABASE	Database
PRE_PENETRATION_DEFECT	Pre-penetration_defect
POST_PENETRATION_DEFECT	Post-penetration_defect
MANUAL_OR_TEXT	Manual_or_textmining
DOI	DOI
NCBI_TAX_ID_PATHOGEN	Pathogen_NCBI_Taxonomy_ID
STRAIN	Strain
GO_ANNOTATION	GO_annotation
LITERATURE_ID	Literature_ID
AUTHOR_EMAIL	Author_email
CHEMICAL_ACCESSION	CAS
HOST_TARGET	Host_target
ASSOCIATED_STRAIN	Associated_strain
MATING_DEFECT_PRIOR_TO_PENETRATION	Mating_defect_prior_to_penetration
ESSENTIAL_GENE_LETHAL_KNOCKOUT	Essential_gene_Lethal_knockout
SPECIES_EXPERT	Species_Expert
VEGETATIVE_SPORES	Vegetative_spores
SPORE_GERMINATION	Spore_germination
PHI_BASE_ACC_NUMBER	PHI-base_accession_no
DB_TYPE	DB_Type
FUNCTION	Function
GENE_NAME	Gene_name
HOST_RESPONSE	Host_response
PHI_BASE_DATA	PHI-base_data
GENOME_LOCATION	Genome_location
MULTIPLE_MUTATION	Multiple_mutation
NCBI_TAX_ID_HOST	Host_NCBI_Taxonomy_ID
ACCESSION	Accession
EXPERIMENTAL_HOST	Experimental_host
COMMENTS	Comments
REFERENCE	Reference
ENTERED_BY	Entered_by
INDUCER	Inducer
PHI_BASE_ENTRY	PHI-base_entry
LITERATURE_SOURCE	Literature_source
PATHOGEN_SPECIES	Pathogen_species
YEAR_PUBLISHED	Year_published
PHI_BASE_ACCESSION	PHI-base_accession
SEXUAL_SPORES	Sexual_spores
PHENOTYPE_OF_MUTANT	Phenotype_of_mutant
LOCUS_ID	Locus_ID
IVG	In_vitro_growth